---
source: src/app/data.rs
expression: data
---
Data {
    selected_row: None,
    rows: [
        LogRow {
            time: Some(
                "2024-02-10T03:13:04.191299188Z",
            ),
            request_id: None,
            otel_name: None,
            msg: Some(
                "Server address is: 127.0.0.1:8000",
            ),
            extra: {
                "file": String("crates/server/src/startup.rs"),
                "hostname": String("my_pc"),
                "level": Number(30),
                "line": Number(34),
                "name": String("my_server"),
                "pid": Number(50401),
                "target": String("my_server::startup"),
                "v": Number(0),
            },
        },
        LogRow {
            time: Some(
                "2024-02-10T03:13:04.191610465Z",
            ),
            request_id: None,
            otel_name: None,
            msg: Some(
                "starting 8 workers",
            ),
            extra: {
                "file": String("/home/user/.cargo/registry/src/index.crates.io-6f17d22bba15001f/actix-server-2.3.0/src/builder.rs"),
                "hostname": String("my_pc"),
                "level": Number(30),
                "line": Number(240),
                "name": String("my_server"),
                "pid": Number(50401),
                "target": String("actix_server::builder"),
                "v": Number(0),
            },
        },
    ],
}
